     1                                  ; ============================================================
     2                                  ; Real-mode keyboard trampoline
     3                                  ; Assembled with ORG 0x7000, copied there by init_real_mode.
     4                                  ; ============================================================
     5                                  
     6                                  [ORG 0x7000]
     7                                  
     8                                  CODE32_SEL  equ 0x08
     9                                  DATA32_SEL  equ 0x10
    10                                  CODE16_SEL  equ 0x18
    11                                  DATA16_SEL  equ 0x20
    12                                  CODE64_SEL  equ 0x28
    13                                  
    14                                  ; =====================================================
    15                                  ; DATA SECTION
    16                                  ; =====================================================
    17                                  
    18                                  ; --- GDT (0x0000, 48 bytes) ---
    19 00000000 0000000000000000        dq 0                          ; NULL
    20 00000008 FFFF0000009ACF00        dq 0x00CF9A000000FFFF         ; CODE32
    21 00000010 FFFF00000092CF00        dq 0x00CF92000000FFFF         ; DATA32
    22 00000018 FFFF0000009A0000        dq 0x00009A000000FFFF         ; CODE16
    23 00000020 FFFF000000920000        dq 0x000092000000FFFF         ; DATA16
    24 00000028 00000000009A2000        dq 0x00209A0000000000         ; CODE64
    25                                  
    26                                  ; --- GDTR (0x0030, 6 bytes) ---
    27 00000030 2F00                    gdt_desc: dw 47
    28 00000032 00700000                          dd 0x7000
    29                                  
    30                                  ; --- ret_addr (0x0036, 8 bytes) ---
    31 00000036 0000000000000000        ret_addr: dq 0
    32                                  
    33                                  ; --- ret_val (0x003E, 2 bytes) ---
    34 0000003E 0000                    ret_val: dw 0
    35                                  
    36                                  ; --- pml4_addr (0x0040, 8 bytes) ---
    37 00000040 0000000000000000        pml4_addr: dq 0
    38                                  
    39                                  ; --- Far jump targets (offsets relative to 0x7000) ---
    40                                  
    41                                  ; pm16_jmp at 0x0048: dd offset32, dw sel16  (used in BITS 32)
    42 00000048 0000000000000000        pm16_jmp: dd 0, 0
    43                                  
    44                                  ; rm16_jmp at 0x004E: dw offset16, dw seg16  (used in BITS 16)
    45 00000050 00000000                rm16_jmp: dw 0, 0
    46                                  
    47                                  ; pm32ret_jmp at 0x0052: dw offset16, dw sel16  (used in BITS 16)
    48 00000054 00000000                pm32ret_jmp: dw 0, 0
    49                                  
    50                                  ; lm64_jmp at 0x0056: dd offset32, dw sel16  (used in BITS 32)
    51 00000058 0000000000000000        lm64_jmp: dd 0, 0
    52                                  
    53                                  ; pm32_off at 0x005C: dd offset32  (for push+retfq from BITS 64)
    54 00000060 00000000                pm32_off: dd 0
    55                                  
    56                                  ; --- Saved GP registers (0x0060-0x00DF, 128 bytes) ---
    57                                  saved_regs:
    58 00000064 0000000000000000        r_save_rax: dq 0
    59 0000006C 0000000000000000        r_save_rcx: dq 0
    60 00000074 0000000000000000        r_save_rdx: dq 0
    61 0000007C 0000000000000000        r_save_rbx: dq 0
    62 00000084 0000000000000000        r_save_rsp: dq 0
    63 0000008C 0000000000000000        r_save_rbp: dq 0
    64 00000094 0000000000000000        r_save_rsi: dq 0
    65 0000009C 0000000000000000        r_save_rdi: dq 0
    66 000000A4 0000000000000000        r_save_r8:  dq 0
    67 000000AC 0000000000000000        r_save_r9:  dq 0
    68 000000B4 0000000000000000        r_save_r10: dq 0
    69 000000BC 0000000000000000        r_save_r11: dq 0
    70 000000C4 0000000000000000        r_save_r12: dq 0
    71 000000CC 0000000000000000        r_save_r13: dq 0
    72 000000D4 0000000000000000        r_save_r14: dq 0
    73 000000DC 0000000000000000        r_save_r15: dq 0
    74                                  
    75                                  ; --- Stack space (0x00E0, 256 bytes) ---
    76 000000E4 00<rep 100h>            stack_bot: times 256 db 0
    77                                  stack_top:
    78                                  
    79                                  ; =====================================================
    80                                  ; CODE SECTION — starts at file offset 0x01E0
    81                                  ; =====================================================
    82                                  
    83                                  ; =============================================
    84                                  [BITS 64]
    85                                  entry64:
    86                                  
    87 000001E4 8F0425[36000000]            pop qword [ret_addr]
    87          ******************       warning: implicit DEFAULT ABS is deprecated [-w+implicit-abs-deprecated]
    88                                  
    89 000001EB 48890425[64000000]          mov [r_save_rax], rax
    90 000001F3 48890C25[6C000000]          mov [r_save_rcx], rcx
    91 000001FB 48891425[74000000]          mov [r_save_rdx], rdx
    92 00000203 48891C25[7C000000]          mov [r_save_rbx], rbx
    93 0000020B 48892425[84000000]          mov [r_save_rsp], rsp
    94 00000213 48892C25[8C000000]          mov [r_save_rbp], rbp
    95 0000021B 48893425[94000000]          mov [r_save_rsi], rsi
    96 00000223 48893C25[9C000000]          mov [r_save_rdi], rdi
    97 0000022B 4C890425[A4000000]          mov [r_save_r8],  r8
    98 00000233 4C890C25[AC000000]          mov [r_save_r9],  r9
    99 0000023B 4C891425[B4000000]          mov [r_save_r10], r10
   100 00000243 4C891C25[BC000000]          mov [r_save_r11], r11
   101 0000024B 4C892425[C4000000]          mov [r_save_r12], r12
   102 00000253 4C892C25[CC000000]          mov [r_save_r13], r13
   103 0000025B 4C893425[D4000000]          mov [r_save_r14], r14
   104 00000263 4C893C25[DC000000]          mov [r_save_r15], r15
   105                                  
   106 0000026B 488D2425[E4010000]          lea rsp, [stack_top]
   107                                  
   108 00000273 0F011425[30000000]          lgdt [gdt_desc]
   109 0000027B FA                          cli
   110                                  
   111 0000027C 8B0425[60000000]            mov eax, [pm32_off]
   112 00000283 6A08                        push CODE32_SEL
   113 00000285 50                          push rax
   114 00000286 48CB                        retfq
   115                                  
   116                                  ; =============================================
   117                                  [BITS 32]
   118                                  pmode32_entry:
   119                                  
   120 00000288 0F20C0                      mov eax, cr0
   121 0000028B 25FFFFFF7F                  and eax, 0x7FFFFFFF
   122 00000290 0F22C0                      mov cr0, eax
   123                                  
   124 00000293 B9800000C0                  mov ecx, 0xC0000080
   125 00000298 0F32                        rdmsr
   126 0000029A 25FFFEFFFF                  and eax, ~(1 << 8)
   127 0000029F 0F30                        wrmsr
   128                                  
   129 000002A1 FF2D[48000000]              jmp far [pm16_jmp]
   130                                  
   131                                  ; =============================================
   132                                  [BITS 16]
   133                                  pmode16_entry:
   134                                  
   135 000002A7 0F20C0                      mov eax, cr0
   136 000002AA 6683E0FE                    and eax, 0xFFFFFFFE
   137 000002AE 0F22C0                      mov cr0, eax
   138                                  
   139 000002B1 FF2E[5000]                  jmp far [rm16_jmp]
   140                                  
   141                                  realmode_entry:
   142                                  
   143 000002B5 31C0                        xor ax, ax
   144 000002B7 8ED8                        mov ds, ax
   145 000002B9 8EC0                        mov es, ax
   146 000002BB 8ED0                        mov ss, ax
   147 000002BD BCE071                      mov sp, 0x71E0
   148                                  
   149 000002C0 FB                          sti
   150 000002C1 B400                        mov ah, 0x00
   151 000002C3 CD16                        int 0x16
   152 000002C5 FA                          cli
   153                                  
   154 000002C6 A3[3E00]                    mov [ret_val], ax
   155                                  
   156 000002C9 0F20C0                      mov eax, cr0
   157 000002CC 0C01                        or al, 1
   158 000002CE 0F22C0                      mov cr0, eax
   159                                  
   160 000002D1 FF2E[5400]                  jmp far [pm32ret_jmp]
   161                                  
   162                                  ; =============================================
   163                                  [BITS 32]
   164                                  pmode32_ret:
   165                                  
   166 000002D5 66B81000                    mov ax, DATA32_SEL
   167 000002D9 8ED8                        mov ds, ax
   168 000002DB 8EC0                        mov es, ax
   169 000002DD 8ED0                        mov ss, ax
   170                                  
   171 000002DF 0F20E0                      mov eax, cr4
   172 000002E2 83C820                      or eax, (1 << 5)
   173 000002E5 0F22E0                      mov cr4, eax
   174                                  
   175 000002E8 A1[40000000]                mov eax, [pml4_addr]
   176 000002ED 0F22D8                      mov cr3, eax
   177                                  
   178 000002F0 B9800000C0                  mov ecx, 0xC0000080
   179 000002F5 0F32                        rdmsr
   180 000002F7 0D00010000                  or eax, (1 << 8)
   181 000002FC 0F30                        wrmsr
   182                                  
   183 000002FE 0F20C0                      mov eax, cr0
   184 00000301 0D00000080                  or eax, (1 << 31)
   185 00000306 0F22C0                      mov cr0, eax
   186                                  
   187 00000309 FF2D[58000000]              jmp far [lm64_jmp]
   188                                  
   189                                  ; =============================================
   190                                  [BITS 64]
   191                                  longmode_ret:
   192                                  
   193 0000030F 488B0425[84000000]          mov rax, [r_save_rsp]
   194 00000317 4889C4                      mov rsp, rax
   195                                  
   196 0000031A 488B0425[64000000]          mov rax, [r_save_rax]
   197 00000322 488B0C25[6C000000]          mov rcx, [r_save_rcx]
   198 0000032A 488B1425[74000000]          mov rdx, [r_save_rdx]
   199 00000332 488B1C25[7C000000]          mov rbx, [r_save_rbx]
   200 0000033A 488B2C25[8C000000]          mov rbp, [r_save_rbp]
   201 00000342 488B3425[94000000]          mov rsi, [r_save_rsi]
   202 0000034A 488B3C25[9C000000]          mov rdi, [r_save_rdi]
   203 00000352 4C8B0425[A4000000]          mov r8,  [r_save_r8]
   204 0000035A 4C8B0C25[AC000000]          mov r9,  [r_save_r9]
   205 00000362 4C8B1425[B4000000]          mov r10, [r_save_r10]
   206 0000036A 4C8B1C25[BC000000]          mov r11, [r_save_r11]
   207 00000372 4C8B2425[C4000000]          mov r12, [r_save_r12]
   208 0000037A 4C8B2C25[CC000000]          mov r13, [r_save_r13]
   209 00000382 4C8B3425[D4000000]          mov r14, [r_save_r14]
   210 0000038A 4C8B3C25[DC000000]          mov r15, [r_save_r15]
   211                                  
   212 00000392 668B0425[3E000000]          mov ax, [ret_val]
   213                                  
   214 0000039A FF3425[36000000]            push qword [ret_addr]
   215 000003A1 C3                          ret
   216                                  
   217                                  ; =====================================================
   218                                  ; Offset table — read by init_real_mode
   219                                  ; =====================================================
   220                                  offset_table:
   221 000003A2 [E491FFFF]              dd entry64 - 0x7000
   222 000003A6 [8892FFFF]              dd pmode32_entry - 0x7000
   223 000003AA [A792FFFF]              dd pmode16_entry - 0x7000
   224 000003AE [B592FFFF]              dd realmode_entry - 0x7000
   225 000003B2 [D592FFFF]              dd pmode32_ret - 0x7000
   226 000003B6 [0F93FFFF]              dd longmode_ret - 0x7000
   227                                  
   228                                  trampoline_end:
